Archive member included to satisfy reference by file (symbol)

c:/gnu-mcu eclipse/gcc-arm-none-eabi/bin/../lib/gcc/arm-none-eabi/9.3.1/thumb/v7-m/nofp\libgcc.a(_arm_muldf3.o)
                              ./src/PWM_program.o (__aeabi_dmul)
c:/gnu-mcu eclipse/gcc-arm-none-eabi/bin/../lib/gcc/arm-none-eabi/9.3.1/thumb/v7-m/nofp\libgcc.a(_arm_addsubdf3.o)
                              ./src/PWM_program.o (__aeabi_ui2d)
c:/gnu-mcu eclipse/gcc-arm-none-eabi/bin/../lib/gcc/arm-none-eabi/9.3.1/thumb/v7-m/nofp\libgcc.a(_arm_muldivdf3.o)
                              ./src/PWM_program.o (__aeabi_ddiv)
c:/gnu-mcu eclipse/gcc-arm-none-eabi/bin/../lib/gcc/arm-none-eabi/9.3.1/thumb/v7-m/nofp\libgcc.a(_arm_fixunsdfsi.o)
                              ./src/PWM_program.o (__aeabi_d2uiz)
c:/gnu-mcu eclipse/gcc-arm-none-eabi/bin/../lib/gcc/arm-none-eabi/9.3.1/../../../../arm-none-eabi/lib/thumb/v7-m/nofp\libg_nano.a(lib_a-errno.o)
                              ./system/src/newlib/_sbrk.o (__errno)
c:/gnu-mcu eclipse/gcc-arm-none-eabi/bin/../lib/gcc/arm-none-eabi/9.3.1/../../../../arm-none-eabi/lib/thumb/v7-m/nofp\libg_nano.a(lib_a-impure.o)
                              c:/gnu-mcu eclipse/gcc-arm-none-eabi/bin/../lib/gcc/arm-none-eabi/9.3.1/../../../../arm-none-eabi/lib/thumb/v7-m/nofp\libg_nano.a(lib_a-errno.o) (_impure_ptr)
c:/gnu-mcu eclipse/gcc-arm-none-eabi/bin/../lib/gcc/arm-none-eabi/9.3.1/../../../../arm-none-eabi/lib/thumb/v7-m/nofp\libg_nano.a(lib_a-strlen.o)
                              ./system/src/diag/Trace.o (strlen)
c:/gnu-mcu eclipse/gcc-arm-none-eabi/bin/../lib/gcc/arm-none-eabi/9.3.1/../../../../arm-none-eabi/lib/thumb/v7-m/nofp\libg_nano.a(lib_a-vsnprintf.o)
                              ./system/src/diag/Trace.o (vsnprintf)
c:/gnu-mcu eclipse/gcc-arm-none-eabi/bin/../lib/gcc/arm-none-eabi/9.3.1/../../../../arm-none-eabi/lib/thumb/v7-m/nofp\libg_nano.a(lib_a-nano-svfprintf.o)
                              c:/gnu-mcu eclipse/gcc-arm-none-eabi/bin/../lib/gcc/arm-none-eabi/9.3.1/../../../../arm-none-eabi/lib/thumb/v7-m/nofp\libg_nano.a(lib_a-vsnprintf.o) (_svfprintf_r)
c:/gnu-mcu eclipse/gcc-arm-none-eabi/bin/../lib/gcc/arm-none-eabi/9.3.1/../../../../arm-none-eabi/lib/thumb/v7-m/nofp\libg_nano.a(lib_a-nano-vfprintf_i.o)
                              c:/gnu-mcu eclipse/gcc-arm-none-eabi/bin/../lib/gcc/arm-none-eabi/9.3.1/../../../../arm-none-eabi/lib/thumb/v7-m/nofp\libg_nano.a(lib_a-nano-svfprintf.o) (_printf_i)
c:/gnu-mcu eclipse/gcc-arm-none-eabi/bin/../lib/gcc/arm-none-eabi/9.3.1/../../../../arm-none-eabi/lib/thumb/v7-m/nofp\libg_nano.a(lib_a-memchr-stub.o)
                              c:/gnu-mcu eclipse/gcc-arm-none-eabi/bin/../lib/gcc/arm-none-eabi/9.3.1/../../../../arm-none-eabi/lib/thumb/v7-m/nofp\libg_nano.a(lib_a-nano-svfprintf.o) (memchr)
c:/gnu-mcu eclipse/gcc-arm-none-eabi/bin/../lib/gcc/arm-none-eabi/9.3.1/../../../../arm-none-eabi/lib/thumb/v7-m/nofp\libg_nano.a(lib_a-memcpy-stub.o)
                              c:/gnu-mcu eclipse/gcc-arm-none-eabi/bin/../lib/gcc/arm-none-eabi/9.3.1/../../../../arm-none-eabi/lib/thumb/v7-m/nofp\libg_nano.a(lib_a-nano-svfprintf.o) (memcpy)
c:/gnu-mcu eclipse/gcc-arm-none-eabi/bin/../lib/gcc/arm-none-eabi/9.3.1/../../../../arm-none-eabi/lib/thumb/v7-m/nofp\libg_nano.a(lib_a-memmove.o)
                              c:/gnu-mcu eclipse/gcc-arm-none-eabi/bin/../lib/gcc/arm-none-eabi/9.3.1/../../../../arm-none-eabi/lib/thumb/v7-m/nofp\libg_nano.a(lib_a-nano-svfprintf.o) (memmove)
c:/gnu-mcu eclipse/gcc-arm-none-eabi/bin/../lib/gcc/arm-none-eabi/9.3.1/../../../../arm-none-eabi/lib/thumb/v7-m/nofp\libg_nano.a(lib_a-nano-freer.o)
                              c:/gnu-mcu eclipse/gcc-arm-none-eabi/bin/../lib/gcc/arm-none-eabi/9.3.1/../../../../arm-none-eabi/lib/thumb/v7-m/nofp\libg_nano.a(lib_a-nano-svfprintf.o) (_free_r)
c:/gnu-mcu eclipse/gcc-arm-none-eabi/bin/../lib/gcc/arm-none-eabi/9.3.1/../../../../arm-none-eabi/lib/thumb/v7-m/nofp\libg_nano.a(lib_a-nano-mallocr.o)
                              c:/gnu-mcu eclipse/gcc-arm-none-eabi/bin/../lib/gcc/arm-none-eabi/9.3.1/../../../../arm-none-eabi/lib/thumb/v7-m/nofp\libg_nano.a(lib_a-nano-svfprintf.o) (_malloc_r)
c:/gnu-mcu eclipse/gcc-arm-none-eabi/bin/../lib/gcc/arm-none-eabi/9.3.1/../../../../arm-none-eabi/lib/thumb/v7-m/nofp\libg_nano.a(lib_a-nano-reallocr.o)
                              c:/gnu-mcu eclipse/gcc-arm-none-eabi/bin/../lib/gcc/arm-none-eabi/9.3.1/../../../../arm-none-eabi/lib/thumb/v7-m/nofp\libg_nano.a(lib_a-nano-svfprintf.o) (_realloc_r)
c:/gnu-mcu eclipse/gcc-arm-none-eabi/bin/../lib/gcc/arm-none-eabi/9.3.1/../../../../arm-none-eabi/lib/thumb/v7-m/nofp\libg_nano.a(lib_a-sbrkr.o)
                              c:/gnu-mcu eclipse/gcc-arm-none-eabi/bin/../lib/gcc/arm-none-eabi/9.3.1/../../../../arm-none-eabi/lib/thumb/v7-m/nofp\libg_nano.a(lib_a-nano-mallocr.o) (_sbrk_r)
[...]
Memory Configuration

Name             Origin             Length             Attributes
RAM              0x20000000         0x00005000         xrw
CCMRAM           0x00000000         0x00000000         xrw
FLASH            0x08000000         0x00010000         xr
FLASHB1          0x00000000         0x00000000         xr
EXTMEMB0         0x00000000         0x00000000         xr
EXTMEMB1         0x00000000         0x00000000         xr
EXTMEMB2         0x00000000         0x00000000         xr
EXTMEMB3         0x00000000         0x00000000         xr
MEMORY_ARRAY     0x00000000         0x00000000         xrw
*default*        0x00000000         0xffffffff

Linker script and memory map

LOAD ./system/src/stm32f1-stdperiph/misc.o
LOAD ./system/src/stm32f1-stdperiph/stm32f10x_gpio.o
LOAD ./system/src/stm32f1-stdperiph/stm32f10x_rcc.o
LOAD ./system/src/newlib/_cxx.o
LOAD ./system/src/newlib/_exit.o
LOAD ./system/src/newlib/_sbrk.o
LOAD ./system/src/newlib/_startup.o
LOAD ./system/src/newlib/_syscalls.o
LOAD ./system/src/newlib/assert.o
LOAD ./system/src/diag/Trace.o
LOAD ./system/src/diag/trace_impl.o
LOAD ./system/src/cortexm/_initialize_hardware.o
LOAD ./system/src/cortexm/_reset_hardware.o
LOAD ./system/src/cortexm/exception_handlers.o
LOAD ./system/src/cmsis/system_stm32f10x.o
LOAD ./system/src/cmsis/vectors_stm32f10x.o
LOAD ./src/ADC_program.o
LOAD ./src/AFIO_program.o
LOAD ./src/BUTTON_program.o
LOAD ./src/DMA_program.o
LOAD ./src/EXTI_program.o
LOAD ./src/GPIO_program.o
LOAD ./src/LED_program.o
LOAD ./src/NVIC_program.o
LOAD ./src/PWM_program.o
LOAD ./src/RCC_program.o
LOAD ./src/SEVENSEG_program.o
LOAD ./src/STK_program.o
LOAD ./src/TIM_program.o
LOAD ./src/USART_program.o
LOAD ./src/main.o
LOAD c:/gnu-mcu eclipse/gcc-arm-none-eabi/bin/../lib/gcc/arm-none-eabi/9.3.1/../../../../arm-none-eabi/lib/thumb/v7-m/nofp\libstdc++_nano.a
LOAD c:/gnu-mcu eclipse/gcc-arm-none-eabi/bin/../lib/gcc/arm-none-eabi/9.3.1/../../../../arm-none-eabi/lib/thumb/v7-m/nofp\libm.a
START GROUP
LOAD c:/gnu-mcu eclipse/gcc-arm-none-eabi/bin/../lib/gcc/arm-none-eabi/9.3.1/thumb/v7-m/nofp\libgcc.a
LOAD c:/gnu-mcu eclipse/gcc-arm-none-eabi/bin/../lib/gcc/arm-none-eabi/9.3.1/../../../../arm-none-eabi/lib/thumb/v7-m/nofp\libg_nano.a
LOAD c:/gnu-mcu eclipse/gcc-arm-none-eabi/bin/../lib/gcc/arm-none-eabi/9.3.1/../../../../arm-none-eabi/lib/thumb/v7-m/nofp\libc_nano.a
END GROUP
START GROUP
LOAD c:/gnu-mcu eclipse/gcc-arm-none-eabi/bin/../lib/gcc/arm-none-eabi/9.3.1/thumb/v7-m/nofp\libgcc.a
LOAD c:/gnu-mcu eclipse/gcc-arm-none-eabi/bin/../lib/gcc/arm-none-eabi/9.3.1/../../../../arm-none-eabi/lib/thumb/v7-m/nofp\libc_nano.a
END GROUP
                0x20005000                __stack = (ORIGIN (RAM) + LENGTH (RAM))
                0x20005000                _estack = __stack
                0x00000400                __Main_Stack_Size = 0x400
                [!provide]                PROVIDE (_Main_Stack_Size = __Main_Stack_Size)
                0x20004c00                __Main_Stack_Limit = (__stack - __Main_Stack_Size)
                [!provide]                PROVIDE (_Main_Stack_Limit = __Main_Stack_Limit)
                0x00000100                _Minimum_Stack_Size = 0x100
                0x200001dc                PROVIDE (_Heap_Begin = _end_noinit)
                0x20004c00                PROVIDE (_Heap_Limit = (__stack - __Main_Stack_Size))

.isr_vector     0x08000000      0x350
 FILL mask 0xff
                0x08000000                __vectors_start = ABSOLUTE (.)
                0x08000000                __vectors_start__ = ABSOLUTE (.)
 *(.isr_vector)
 .isr_vector    0x08000000      0x10c ./system/src/cmsis/vectors_stm32f10x.o
                0x08000000                __isr_vectors
 *(.cfmconfig)
 *(.after_vectors .after_vectors.*)
 .after_vectors
                0x0800010c      0x114 ./system/src/newlib/_startup.o
                0x0800010c                _start
 .after_vectors
                0x08000220      0x12c ./system/src/cortexm/exception_handlers.o
                0x08000220                Reset_Handler
                0x08000226                NMI_Handler
                0x0800022a                HardFault_Handler
                0x0800023e                HardFault_Handler_C
                0x0800029c                MemManage_Handler
                0x080002a0                BusFault_Handler
                0x080002b4                BusFault_Handler_C
                0x080002e8                UsageFault_Handler
                0x080002fc                UsageFault_Handler_C
                0x08000330                SVC_Handler
                0x08000334                DebugMon_Handler
                0x08000338                PendSV_Handler
 .after_vectors
                0x0800034c        0x4 ./system/src/cmsis/vectors_stm32f10x.o
                0x0800034c                TIM8_TRG_COM_IRQHandler
                0x0800034c                TIM8_CC_IRQHandler
                0x0800034c                TIM1_CC_IRQHandler
                0x0800034c                TIM6_IRQHandler
                0x0800034c                PVD_IRQHandler
                0x0800034c                SDIO_IRQHandler
                0x0800034c                CAN2_RX1_IRQHandler
                0x0800034c                TIM8_TRG_COM_TIM14_IRQHandler
                0x0800034c                TIM1_UP_TIM10_IRQHandler
                0x0800034c                TIM8_UP_TIM13_IRQHandler
                0x0800034c                I2C2_EV_IRQHandler
                0x0800034c                CAN1_RX0_IRQHandler
                0x0800034c                TIM1_UP_TIM16_IRQHandler
                0x0800034c                CAN2_SCE_IRQHandler
                0x0800034c                SPI1_IRQHandler
                0x0800034c                TAMPER_IRQHandler
                0x0800034c                TIM6_DAC_IRQHandler
                0x0800034c                TIM1_BRK_TIM9_IRQHandler
                0x0800034c                CAN2_RX0_IRQHandler
                0x0800034c                TIM8_UP_IRQHandler
                0x0800034c                DMA2_Channel2_IRQHandler
                0x0800034c                DMA1_Channel4_IRQHandler
                0x0800034c                RTC_IRQHandler
                0x0800034c                DMA1_Channel7_IRQHandler
                0x0800034c                CAN1_RX1_IRQHandler
                0x0800034c                UART5_IRQHandler
                0x0800034c                ADC3_IRQHandler
                0x0800034c                DMA2_Channel1_IRQHandler
                0x0800034c                I2C1_EV_IRQHandler
                0x0800034c                DMA1_Channel6_IRQHandler
                0x0800034c                UART4_IRQHandler
                0x0800034c                DMA2_Channel4_IRQHandler
                0x0800034c                RCC_IRQHandler
                0x0800034c                TIM8_BRK_TIM12_IRQHandler
                0x0800034c                TIM1_TRG_COM_IRQHandler
                0x0800034c                DMA1_Channel1_IRQHandler
                0x0800034c                Default_Handler
                0x0800034c                CEC_IRQHandler
                0x0800034c                EXTI15_10_IRQHandler
                0x0800034c                TIM14_IRQHandler
                0x0800034c                TIM13_IRQHandler
                0x0800034c                TIM12_IRQHandler
                0x0800034c                TIM7_IRQHandler
                0x0800034c                CAN2_TX_IRQHandler
                0x0800034c                TIM5_IRQHandler
                0x0800034c                EXTI9_5_IRQHandler
                0x0800034c                ETH_WKUP_IRQHandler
                0x0800034c                SPI2_IRQHandler
                0x0800034c                CAN1_TX_IRQHandler
                0x0800034c                DMA2_Channel5_IRQHandler
                0x0800034c                DMA1_Channel5_IRQHandler
                0x0800034c                EXTI4_IRQHandler
                0x0800034c                USB_LP_CAN1_RX0_IRQHandler
                0x0800034c                TIM1_TRG_COM_TIM17_IRQHandler
                0x0800034c                USB_HP_CAN1_TX_IRQHandler
                0x0800034c                DMA1_Channel3_IRQHandler
                0x0800034c                FSMC_IRQHandler
                0x0800034c                ETH_IRQHandler
                0x0800034c                TIM1_UP_IRQHandler
                0x0800034c                WWDG_IRQHandler
                0x0800034c                OTG_FS_WKUP_IRQHandler
                0x0800034c                TIM1_TRG_COM_TIM11_IRQHandler
                0x0800034c                TIM1_BRK_IRQHandler
                0x0800034c                RTCAlarm_IRQHandler
                0x0800034c                DMA2_Channel4_5_IRQHandler
                0x0800034c                I2C2_ER_IRQHandler
                0x0800034c                DMA1_Channel2_IRQHandler
                0x0800034c                TIM8_BRK_IRQHandler
                0x0800034c                CAN1_SCE_IRQHandler
                0x0800034c                FLASH_IRQHandler
                0x0800034c                OTG_FS_IRQHandler
                0x0800034c                SPI3_IRQHandler
                0x0800034c                I2C1_ER_IRQHandler
                0x0800034c                USBWakeUp_IRQHandler
                0x0800034c                DMA2_Channel3_IRQHandler
                0x0800034c                TIM1_BRK_TIM15_IRQHandler

.inits          0x08000350       0x28
                0x08000350                __data_regions_array_start = .
                0x08000350        0x4 LONG 0x800221c LOADADDR (.data)
                0x08000354        0x4 LONG 0x20000000 ADDR (.data)
                0x08000358        0x4 LONG 0x20000088 (ADDR (.data) + SIZEOF (.data))
                0x0800035c        0x4 LONG 0x800221c LOADADDR (.data_CCMRAM)
                0x08000360        0x4 LONG 0x0 ADDR (.data_CCMRAM)
                0x08000364        0x4 LONG 0x0 (ADDR (.data_CCMRAM) + SIZEOF (.data_CCMRAM))
                0x08000368                __data_regions_array_end = .
                0x08000368                __bss_regions_array_start = .
                0x08000368        0x4 LONG 0x20000088 ADDR (.bss)
                0x0800036c        0x4 LONG 0x200001dc (ADDR (.bss) + SIZEOF (.bss))
                0x08000370        0x4 LONG 0x0 ADDR (.bss_CCMRAM)
                0x08000374        0x4 LONG 0x0 (ADDR (.bss_CCMRAM) + SIZEOF (.bss_CCMRAM))
                0x08000378                __bss_regions_array_end = .
 *(.init)
 *(.fini)
                0x08000378                . = ALIGN (0x4)
                0x08000378                PROVIDE (__preinit_array_start = .)
 *(.preinit_array_sysinit .preinit_array_sysinit.*)
 *(.preinit_array_platform .preinit_array_platform.*)
 *(.preinit_array .preinit_array.*)
                0x08000378                PROVIDE (__preinit_array_end = .)
                0x08000378                . = ALIGN (0x4)
                0x08000378                PROVIDE (__init_array_start = .)
 *(SORT_BY_NAME(.init_array.*))
 *(.init_array)
                0x08000378                PROVIDE (__init_array_end = .)
                0x08000378                . = ALIGN (0x4)
                0x08000378                PROVIDE (__fini_array_start = .)
 *(SORT_BY_NAME(.fini_array.*))
 *(.fini_array)
                0x08000378                PROVIDE (__fini_array_end = .)

.flashtext
 *(.flashtext .flashtext.*)

.text           0x08000378     0x1ea2
 *(.text .text.*)
 .text._exit    0x08000378        0x2 ./system/src/newlib/_exit.o
                0x08000378                _exit
 *fill*         0x0800037a        0x2 
 .text._sbrk    0x0800037c       0x44 ./system/src/newlib/_sbrk.o
                0x0800037c                _sbrk
 .text.__initialize_args
                0x080003c0       0x10 ./system/src/newlib/_syscalls.o
                0x080003c0                __initialize_args
 .text.trace_printf
                0x080003d0       0x34 ./system/src/diag/Trace.o
                0x080003d0                trace_printf
 .text._trace_write_semihosting_debug
                0x08000404       0x60 ./system/src/diag/trace_impl.o
 .text.trace_write
                0x08000464        0x8 ./system/src/diag/trace_impl.o
                0x08000464                trace_write
 .text.__initialize_hardware_early
                0x0800046c       0x18 ./system/src/cortexm/_initialize_hardware.o
                0x0800046c                __initialize_hardware_early
 .text.__initialize_hardware
                0x08000484        0x8 ./system/src/cortexm/_initialize_hardware.o
                0x08000484                __initialize_hardware
 .text.dumpExceptionStack
                0x0800048c       0xf4 ./system/src/cortexm/exception_handlers.o
                0x0800048c                dumpExceptionStack
 .text.isSemihosting
                0x08000580       0x20 ./system/src/cortexm/exception_handlers.o
                0x08000580                isSemihosting
 .text.SetSysClockTo72
                0x080005a0       0xc4 ./system/src/cmsis/system_stm32f10x.o
 .text.SetSysClock
                0x08000664        0x8 ./system/src/cmsis/system_stm32f10x.o
 .text.SystemInit
                0x0800066c       0x50 ./system/src/cmsis/system_stm32f10x.o
                0x0800066c                SystemInit
 .text.SystemCoreClockUpdate
                0x080006bc       0x94 ./system/src/cmsis/system_stm32f10x.o
                0x080006bc                SystemCoreClockUpdate
 .text.ADC1_2_IRQHandler
                0x08000750       0x14 ./src/ADC_program.o
                0x08000750                ADC1_2_IRQHandler
 .text.EXTI0_IRQHandler
                0x08000764       0x20 ./src/EXTI_program.o
                0x08000764                EXTI0_IRQHandler
 .text.EXTI1_IRQHandler
                0x08000784       0x20 ./src/EXTI_program.o
                0x08000784                EXTI1_IRQHandler
 .text.EXTI2_IRQHandler
                0x080007a4       0x20 ./src/EXTI_program.o
                0x080007a4                EXTI2_IRQHandler
 .text.EXTI3_IRQHandler
                0x080007c4       0x20 ./src/EXTI_program.o
                0x080007c4                EXTI3_IRQHandler
 .text.GPIO_voidSetPinDirection
                0x080007e4       0xec ./src/GPIO_program.o
                0x080007e4                GPIO_voidSetPinDirection
 .text.GPIO_voidSetPinValue
                0x080008d0       0x98 ./src/GPIO_program.o
                0x080008d0                GPIO_voidSetPinValue
 .text.GPIO_u8GetPinValue
                0x08000968       0x40 ./src/GPIO_program.o
                0x08000968                GPIO_u8GetPinValue
 .text.LED_voidLedToggle
                0x080009a8       0x30 ./src/LED_program.o
                0x080009a8                LED_voidLedToggle
 .text.MNVIC_voidEnableInterrupt
                0x080009d8       0x2c ./src/NVIC_program.o
                0x080009d8                MNVIC_voidEnableInterrupt
 .text.MPWM_voidInit
                0x08000a04       0xc0 ./src/PWM_program.o
                0x08000a04                MPWM_voidInit
 *fill*         0x08000ac4        0x4 
 .text.MPWM_voidSetDutyCycle
                0x08000ac8       0xf0 ./src/PWM_program.o
                0x08000ac8                MPWM_voidSetDutyCycle
 .text.RCC_voidInitSysClock
                0x08000bb8       0x14 ./src/RCC_program.o
                0x08000bb8                RCC_voidInitSysClock
 .text.RCC_voidEnableClock
                0x08000bcc       0x4c ./src/RCC_program.o
                0x08000bcc                RCC_voidEnableClock
 .text.SysTick_Handler
                0x08000c18       0x3c ./src/STK_program.o
                0x08000c18                SysTick_Handler
 .text.MSTK_voidInit
                0x08000c54       0x20 ./src/STK_program.o
                0x08000c54                MSTK_voidInit
 .text.MSTK_voidSetBusyWait
                0x08000c74       0x38 ./src/STK_program.o
                0x08000c74                MSTK_voidSetBusyWait
 .text.TIM2_IRQHandler
                0x08000cac       0x1c ./src/TIM_program.o
                0x08000cac                TIM2_IRQHandler
 .text.TIM3_IRQHandler
                0x08000cc8       0x20 ./src/TIM_program.o
                0x08000cc8                TIM3_IRQHandler
 .text.TIM4_IRQHandler
                0x08000ce8       0x20 ./src/TIM_program.o
                0x08000ce8                TIM4_IRQHandler
 .text.MUSART_voidInit
                0x08000d08       0x4c ./src/USART_program.o
                0x08000d08                MUSART_voidInit
 .text.MUSART_voidSendChar
                0x08000d54       0x14 ./src/USART_program.o
                0x08000d54                MUSART_voidSendChar
 .text.MUSART_voidSendString
                0x08000d68       0x1a ./src/USART_program.o
                0x08000d68                MUSART_voidSendString
 *fill*         0x08000d82        0x2 
 .text.USART1_IRQHandler
                0x08000d84       0x38 ./src/USART_program.o
                0x08000d84                USART1_IRQHandler
 .text.USART2_IRQHandler
                0x08000dbc       0x40 ./src/USART_program.o
                0x08000dbc                USART2_IRQHandler
 .text.USART3_IRQHandler
                0x08000dfc       0x44 ./src/USART_program.o
                0x08000dfc                USART3_IRQHandler
 .text.MUSART1_voidSetCallBack
                0x08000e40        0xc ./src/USART_program.o
                0x08000e40                MUSART1_voidSetCallBack
 .text.MUSART2_voidSetCallBack
                0x08000e4c        0xc ./src/USART_program.o
                0x08000e4c                MUSART2_voidSetCallBack
 .text.ToggleLed
                0x08000e58       0x2c ./src/main.o
                0x08000e58                ToggleLed
 .text.LedBrightness
                0x08000e84       0x44 ./src/main.o
                0x08000e84                LedBrightness
 .text.main     0x08000ec8       0xe8 ./src/main.o
                0x08000ec8                main
 .text          0x08000fb0      0x378 c:/gnu-mcu eclipse/gcc-arm-none-eabi/bin/../lib/gcc/arm-none-eabi/9.3.1/thumb/v7-m/nofp\libgcc.a(_arm_addsubdf3.o)
                0x08000fb0                __aeabi_drsub
                0x08000fb8                __aeabi_dsub
                0x08000fb8                __subdf3
                0x08000fbc                __aeabi_dadd
                0x08000fbc                __adddf3
                0x08001234                __floatunsidf
                0x08001234                __aeabi_ui2d
                0x08001254                __floatsidf
                0x08001254                __aeabi_i2d
                0x08001278                __aeabi_f2d
                0x08001278                __extendsfdf2
                0x080012bc                __floatundidf
                0x080012bc                __aeabi_ul2d
                0x080012cc                __floatdidf
                0x080012cc                __aeabi_l2d
 .text          0x08001328      0x424 c:/gnu-mcu eclipse/gcc-arm-none-eabi/bin/../lib/gcc/arm-none-eabi/9.3.1/thumb/v7-m/nofp\libgcc.a(_arm_muldivdf3.o)
                0x08001328                __aeabi_dmul
                0x08001328                __muldf3
                0x0800157c                __divdf3
                0x0800157c                __aeabi_ddiv
 .text          0x0800174c       0x40 c:/gnu-mcu eclipse/gcc-arm-none-eabi/bin/../lib/gcc/arm-none-eabi/9.3.1/thumb/v7-m/nofp\libgcc.a(_arm_fixunsdfsi.o)
                0x0800174c                __aeabi_d2uiz
                0x0800174c                __fixunsdfsi
 .text.__errno  0x0800178c        0xc c:/gnu-mcu eclipse/gcc-arm-none-eabi/bin/../lib/gcc/arm-none-eabi/9.3.1/../../../../arm-none-eabi/lib/thumb/v7-m/nofp\libg_nano.a(lib_a-errno.o)
                0x0800178c                __errno
 .text._vsnprintf_r
                0x08001798       0x58 c:/gnu-mcu eclipse/gcc-arm-none-eabi/bin/../lib/gcc/arm-none-eabi/9.3.1/../../../../arm-none-eabi/lib/thumb/v7-m/nofp\libg_nano.a(lib_a-vsnprintf.o)
                0x08001798                _vsniprintf_r
                0x08001798                _vsnprintf_r
 .text.vsnprintf
                0x080017f0       0x1c c:/gnu-mcu eclipse/gcc-arm-none-eabi/bin/../lib/gcc/arm-none-eabi/9.3.1/../../../../arm-none-eabi/lib/thumb/v7-m/nofp\libg_nano.a(lib_a-vsnprintf.o)
                0x080017f0                vsniprintf
                0x080017f0                vsnprintf
 .text.__ssputs_r
                0x0800180c       0xb6 c:/gnu-mcu eclipse/gcc-arm-none-eabi/bin/../lib/gcc/arm-none-eabi/9.3.1/../../../../arm-none-eabi/lib/thumb/v7-m/nofp\libg_nano.a(lib_a-nano-svfprintf.o)
                0x0800180c                __ssputs_r
 *fill*         0x080018c2        0x2 
 .text._svfprintf_r
                0x080018c4      0x200 c:/gnu-mcu eclipse/gcc-arm-none-eabi/bin/../lib/gcc/arm-none-eabi/9.3.1/../../../../arm-none-eabi/lib/thumb/v7-m/nofp\libg_nano.a(lib_a-nano-svfprintf.o)
                0x080018c4                _svfiprintf_r
                0x080018c4                _svfprintf_r
 .text._printf_common
                0x08001ac4       0xde c:/gnu-mcu eclipse/gcc-arm-none-eabi/bin/../lib/gcc/arm-none-eabi/9.3.1/../../../../arm-none-eabi/lib/thumb/v7-m/nofp\libg_nano.a(lib_a-nano-vfprintf_i.o)
                0x08001ac4                _printf_common
 *fill*         0x08001ba2        0x2 
 .text._printf_i
                0x08001ba4      0x24c c:/gnu-mcu eclipse/gcc-arm-none-eabi/bin/../lib/gcc/arm-none-eabi/9.3.1/../../../../arm-none-eabi/lib/thumb/v7-m/nofp\libg_nano.a(lib_a-nano-vfprintf_i.o)
                0x08001ba4                _printf_i
 .text.memchr   0x08001df0       0x1c c:/gnu-mcu eclipse/gcc-arm-none-eabi/bin/../lib/gcc/arm-none-eabi/9.3.1/../../../../arm-none-eabi/lib/thumb/v7-m/nofp\libg_nano.a(lib_a-memchr-stub.o)
                0x08001df0                memchr
 .text.memcpy   0x08001e0c       0x1c c:/gnu-mcu eclipse/gcc-arm-none-eabi/bin/../lib/gcc/arm-none-eabi/9.3.1/../../../../arm-none-eabi/lib/thumb/v7-m/nofp\libg_nano.a(lib_a-memcpy-stub.o)
                0x08001e0c                memcpy
 .text.memmove  0x08001e28       0x34 c:/gnu-mcu eclipse/gcc-arm-none-eabi/bin/../lib/gcc/arm-none-eabi/9.3.1/../../../../arm-none-eabi/lib/thumb/v7-m/nofp\libg_nano.a(lib_a-memmove.o)
                0x08001e28                memmove
 .text._free_r  0x08001e5c       0x98 c:/gnu-mcu eclipse/gcc-arm-none-eabi/bin/../lib/gcc/arm-none-eabi/9.3.1/../../../../arm-none-eabi/lib/thumb/v7-m/nofp\libg_nano.a(lib_a-nano-freer.o)
                0x08001e5c                _free_r
 .text._malloc_r
                0x08001ef4       0xb4 c:/gnu-mcu eclipse/gcc-arm-none-eabi/bin/../lib/gcc/arm-none-eabi/9.3.1/../../../../arm-none-eabi/lib/thumb/v7-m/nofp\libg_nano.a(lib_a-nano-mallocr.o)
                0x08001ef4                _malloc_r
 .text._realloc_r
                0x08001fa8       0x4c c:/gnu-mcu eclipse/gcc-arm-none-eabi/bin/../lib/gcc/arm-none-eabi/9.3.1/../../../../arm-none-eabi/lib/thumb/v7-m/nofp\libg_nano.a(lib_a-nano-reallocr.o)
                0x08001fa8                _realloc_r
 .text._sbrk_r  0x08001ff4       0x20 c:/gnu-mcu eclipse/gcc-arm-none-eabi/bin/../lib/gcc/arm-none-eabi/9.3.1/../../../../arm-none-eabi/lib/thumb/v7-m/nofp\libg_nano.a(lib_a-sbrkr.o)
                0x08001ff4                _sbrk_r
 .text.__malloc_lock
                0x08002014        0xc c:/gnu-mcu eclipse/gcc-arm-none-eabi/bin/../lib/gcc/arm-none-eabi/9.3.1/../../../../arm-none-eabi/lib/thumb/v7-m/nofp\libg_nano.a(lib_a-mlock.o)
                0x08002014                __malloc_lock
 .text.__malloc_unlock
                0x08002020        0xc c:/gnu-mcu eclipse/gcc-arm-none-eabi/bin/../lib/gcc/arm-none-eabi/9.3.1/../../../../arm-none-eabi/lib/thumb/v7-m/nofp\libg_nano.a(lib_a-mlock.o)
                0x08002020                __malloc_unlock
 .text._malloc_usable_size_r
                0x0800202c       0x10 c:/gnu-mcu eclipse/gcc-arm-none-eabi/bin/../lib/gcc/arm-none-eabi/9.3.1/../../../../arm-none-eabi/lib/thumb/v7-m/nofp\libg_nano.a(lib_a-nano-msizer.o)
                0x0800202c                _malloc_usable_size_r
 .text.__retarget_lock_acquire_recursive
                0x0800203c        0x2 c:/gnu-mcu eclipse/gcc-arm-none-eabi/bin/../lib/gcc/arm-none-eabi/9.3.1/../../../../arm-none-eabi/lib/thumb/v7-m/nofp\libg_nano.a(lib_a-lock.o)
                0x0800203c                __retarget_lock_acquire_recursive
 .text.__retarget_lock_release_recursive
                0x0800203e        0x2 c:/gnu-mcu eclipse/gcc-arm-none-eabi/bin/../lib/gcc/arm-none-eabi/9.3.1/../../../../arm-none-eabi/lib/thumb/v7-m/nofp\libg_nano.a(lib_a-lock.o)
                0x0800203e                __retarget_lock_release_recursive
 *(.rodata .rodata.* .constdata .constdata.*)
 .rodata.dumpExceptionStack.str1.4
                0x08002040      0x11a ./system/src/cortexm/exception_handlers.o
 *fill*         0x0800215a        0x2 
 .rodata.str1.4
                0x0800215c       0x2a ./system/src/cortexm/exception_handlers.o
 *fill*         0x08002186        0x2 
 .rodata.ToggleLed.str1.4
                0x08002188       0x20 ./src/main.o
 .rodata.LedBrightness.str1.4
                0x080021a8       0x20 ./src/main.o
 .rodata.main.str1.4
                0x080021c8       0x1f ./src/main.o
 .rodata._svfprintf_r.str1.1
                0x080021e7       0x11 c:/gnu-mcu eclipse/gcc-arm-none-eabi/bin/../lib/gcc/arm-none-eabi/9.3.1/../../../../arm-none-eabi/lib/thumb/v7-m/nofp\libg_nano.a(lib_a-nano-svfprintf.o)
 .rodata._printf_i.str1.1
                0x080021f8       0x22 c:/gnu-mcu eclipse/gcc-arm-none-eabi/bin/../lib/gcc/arm-none-eabi/9.3.1/../../../../arm-none-eabi/lib/thumb/v7-m/nofp\libg_nano.a(lib_a-nano-vfprintf_i.o)
 *(vtable)
 *(.eh_frame*)
 *(.glue_7)
 .glue_7        0x0800221a        0x0 linker stubs
 *(.glue_7t)
 .glue_7t       0x0800221a        0x0 linker stubs

.vfp11_veneer   0x0800221c        0x0
 .vfp11_veneer  0x0800221c        0x0 linker stubs

.v4_bx          0x0800221c        0x0
 .v4_bx         0x0800221c        0x0 linker stubs

.iplt           0x0800221c        0x0
 .iplt          0x0800221c        0x0 ./system/src/newlib/_exit.o

.rel.dyn        0x0800221c        0x0
 .rel.iplt      0x0800221c        0x0 ./system/src/newlib/_exit.o

.ARM.extab
 *(.ARM.extab* .gnu.linkonce.armextab.*)
                0x0800221c                . = ALIGN (0x4)
                0x0800221c                __exidx_start = .

.ARM.exidx
 *(.ARM.exidx* .gnu.linkonce.armexidx.*)
                0x0800221c                __exidx_end = .
                0x0800221c                . = ALIGN (0x4)
                0x0800221c                _etext = .
                0x0800221c                __etext = .

.data_CCMRAM    0x00000000        0x0 load address 0x0800221c
 FILL mask 0xff
 *(.data.CCMRAM .data.CCMRAM.*)
                0x00000000                . = ALIGN (0x4)
                0x0800221c                _sidata = LOADADDR (.data)

.data           0x20000000       0x88 load address 0x0800221c
 FILL mask 0xff
                0x20000000                _sdata = .
                0x20000000                __data_start__ = .
 *(.data_begin .data_begin.*)
 .data_begin    0x20000000        0x4 ./system/src/newlib/_startup.o
 *(.data .data.*)
 .data.argv.4353
                0x20000004        0x8 ./system/src/newlib/_syscalls.o
 .data.AHBPrescTable
                0x2000000c       0x10 ./system/src/cmsis/system_stm32f10x.o
                0x2000000c                AHBPrescTable
 .data.SystemCoreClock
                0x2000001c        0x4 ./system/src/cmsis/system_stm32f10x.o
                0x2000001c                SystemCoreClock
 .data._impure_ptr
                0x20000020        0x4 c:/gnu-mcu eclipse/gcc-arm-none-eabi/bin/../lib/gcc/arm-none-eabi/9.3.1/../../../../arm-none-eabi/lib/thumb/v7-m/nofp\libg_nano.a(lib_a-impure.o)
                0x20000020                _impure_ptr
 .data.impure_data
                0x20000024       0x60 c:/gnu-mcu eclipse/gcc-arm-none-eabi/bin/../lib/gcc/arm-none-eabi/9.3.1/../../../../arm-none-eabi/lib/thumb/v7-m/nofp\libg_nano.a(lib_a-impure.o)
 *(.data_end .data_end.*)
 .data_end      0x20000084        0x4 ./system/src/newlib/_startup.o
                0x20000088                . = ALIGN (0x4)
                0x20000088                _edata = .
                0x20000088                __data_end__ = .

.igot.plt       0x20000088        0x0 load address 0x080022a4
 .igot.plt      0x20000088        0x0 ./system/src/newlib/_exit.o

.bss_CCMRAM     0x00000000        0x0
 *(.bss.CCMRAM .bss.CCMRAM.*)

.bss            0x20000088      0x154
                0x20000088                __bss_start__ = .
                0x20000088                _sbss = .
 *(.bss_begin .bss_begin.*)
 .bss_begin     0x20000088        0x4 ./system/src/newlib/_startup.o
 *(.bss .bss.*)
 .bss.current_heap_end.3985
                0x2000008c        0x4 ./system/src/newlib/_sbrk.o
 .bss.name.4352
                0x20000090        0x1 ./system/src/newlib/_syscalls.o
 *fill*         0x20000091        0x3 
 .bss.buf.5229  0x20000094       0x80 ./system/src/diag/Trace.o
 .bss.ADC_u16ReadValue
                0x20000114        0x2 ./src/ADC_program.o
                0x20000114                ADC_u16ReadValue
 *fill*         0x20000116        0x2 
 .bss.EXTI_CallBackPtr
                0x20000118       0x40 ./src/EXTI_program.o
 .bss.MSTK_u8IntervalMode
                0x20000158        0x1 ./src/STK_program.o
 *fill*         0x20000159        0x3 
 .bss.STK_CallBackPtr
                0x2000015c        0x4 ./src/STK_program.o
 .bss.TIM2_CallBackPtr
                0x20000160        0x4 ./src/TIM_program.o
 .bss.TIM3_CallBackPtr
                0x20000164        0x4 ./src/TIM_program.o
 .bss.TIM4_CallBackPtr
                0x20000168        0x4 ./src/TIM_program.o
 .bss.USART1_CallBackPtr
                0x2000016c        0x4 ./src/USART_program.o
 .bss.USART1_u8Count
                0x20000170        0x1 ./src/USART_program.o
                0x20000170                USART1_u8Count
 *fill*         0x20000171        0x3 
 .bss.USART1_u8RxBuffer
                0x20000174       0x14 ./src/USART_program.o
                0x20000174                USART1_u8RxBuffer
 .bss.USART2_CallBackPtr
                0x20000188        0x4 ./src/USART_program.o
 .bss.USART2_u8Count
                0x2000018c        0x1 ./src/USART_program.o
                0x2000018c                USART2_u8Count
 *fill*         0x2000018d        0x3 
 .bss.USART2_u8RxBuffer
                0x20000190       0x14 ./src/USART_program.o
                0x20000190                USART2_u8RxBuffer
 .bss.USART3_CallBackPtr
                0x200001a4        0x4 ./src/USART_program.o
 .bss.USART3_u8Count
                0x200001a8        0x1 ./src/USART_program.o
                0x200001a8                USART3_u8Count
 *fill*         0x200001a9        0x3 
 .bss.USART3_u8RxBuffer
                0x200001ac       0x14 ./src/USART_program.o
                0x200001ac                USART3_u8RxBuffer
 .bss.__malloc_free_list
                0x200001c0        0x4 c:/gnu-mcu eclipse/gcc-arm-none-eabi/bin/../lib/gcc/arm-none-eabi/9.3.1/../../../../arm-none-eabi/lib/thumb/v7-m/nofp\libg_nano.a(lib_a-nano-mallocr.o)
                0x200001c0                __malloc_free_list
 .bss.__malloc_sbrk_start
                0x200001c4        0x4 c:/gnu-mcu eclipse/gcc-arm-none-eabi/bin/../lib/gcc/arm-none-eabi/9.3.1/../../../../arm-none-eabi/lib/thumb/v7-m/nofp\libg_nano.a(lib_a-nano-mallocr.o)
                0x200001c4                __malloc_sbrk_start
 *(COMMON)
 COMMON         0x200001c8        0x4 ./system/src/newlib/_syscalls.o
                0x200001c8                errno
 COMMON         0x200001cc        0x9 c:/gnu-mcu eclipse/gcc-arm-none-eabi/bin/../lib/gcc/arm-none-eabi/9.3.1/../../../../arm-none-eabi/lib/thumb/v7-m/nofp\libg_nano.a(lib_a-lock.o)
                0x200001cc                __lock___atexit_recursive_mutex
                0x200001cd                __lock___arc4random_mutex
                0x200001ce                __lock___env_recursive_mutex
                0x200001cf                __lock___sinit_recursive_mutex
                0x200001d0                __lock___malloc_recursive_mutex
                0x200001d1                __lock___at_quick_exit_mutex
                0x200001d2                __lock___dd_hash_mutex
                0x200001d3                __lock___tz_mutex
                0x200001d4                __lock___sfp_recursive_mutex
 *(.bss_end .bss_end.*)
 *fill*         0x200001d5        0x3 
 .bss_end       0x200001d8        0x4 ./system/src/newlib/_startup.o
                0x200001dc                . = ALIGN (0x4)
                0x200001dc                __bss_end__ = .
                0x200001dc                _ebss = .

.noinit_CCMRAM
 *(.noinit.CCMRAM .noinit.CCMRAM.*)

.noinit         0x200001dc        0x0
                0x200001dc                _noinit = .
 *(.noinit .noinit.*)
                0x200001dc                . = ALIGN (0x4)
                0x200001dc                _end_noinit = .
                [!provide]                PROVIDE (end = _end_noinit)
                [!provide]                PROVIDE (_end = _end_noinit)
                [!provide]                PROVIDE (__end = _end_noinit)
                [!provide]                PROVIDE (__end__ = _end_noinit)

._check_stack   0x200001dc      0x100
                0x200002dc                . = (. + _Minimum_Stack_Size)
 *fill*         0x200001dc      0x100 

.b1text
 *(.b1text)
 *(.b1rodata)
 *(.b1rodata.*)

.eb0text
 *(.eb0text)
 *(.eb0rodata)
 *(.eb0rodata.*)

.eb1text
 *(.eb1text)
 *(.eb1rodata)
 *(.eb1rodata.*)

.eb2text
 *(.eb2text)
 *(.eb2rodata)
 *(.eb2rodata.*)

.eb3text
 *(.eb3text)
 *(.eb3rodata)
 *(.eb3rodata.*)

.stab
 *(.stab)

.stabstr
 *(.stabstr)

.stab.excl
 *(.stab.excl)

.stab.exclstr
 *(.stab.exclstr)

.stab.index
 *(.stab.index)

.stab.indexstr
 *(.stab.indexstr)

.comment        0x00000000       0x4c
 *(.comment)
 .comment       0x00000000       0x4c ./system/src/newlib/_exit.o
                                 0x4d (size before relaxing)
 .comment       0x0000004c       0x4d ./system/src/newlib/_sbrk.o
 .comment       0x0000004c       0x4d ./system/src/newlib/_startup.o
 .comment       0x0000004c       0x4d ./system/src/newlib/_syscalls.o
 .comment       0x0000004c       0x4d ./system/src/diag/Trace.o
 .comment       0x0000004c       0x4d ./system/src/diag/trace_impl.o
 .comment       0x0000004c       0x4d ./system/src/cortexm/_initialize_hardware.o
 .comment       0x0000004c       0x4d ./system/src/cortexm/exception_handlers.o
 .comment       0x0000004c       0x4d ./system/src/cmsis/system_stm32f10x.o
 .comment       0x0000004c       0x4d ./system/src/cmsis/vectors_stm32f10x.o
 .comment       0x0000004c       0x4d ./src/ADC_program.o
 .comment       0x0000004c       0x4d ./src/EXTI_program.o
 .comment       0x0000004c       0x4d ./src/GPIO_program.o
 .comment       0x0000004c       0x4d ./src/LED_program.o
 .comment       0x0000004c       0x4d ./src/NVIC_program.o
 .comment       0x0000004c       0x4d ./src/PWM_program.o
 .comment       0x0000004c       0x4d ./src/RCC_program.o
 .comment       0x0000004c       0x4d ./src/STK_program.o
 .comment       0x0000004c       0x4d ./src/TIM_program.o
 .comment       0x0000004c       0x4d ./src/USART_program.o
 .comment       0x0000004c       0x4d ./src/main.o

.ARM.attributes
                0x00000000       0x2b
 .ARM.attributes
                0x00000000       0x2d ./system/src/newlib/_exit.o
 .ARM.attributes
                0x0000002d       0x2d ./system/src/newlib/_sbrk.o
 .ARM.attributes
                0x0000005a       0x2d ./system/src/newlib/_startup.o
 .ARM.attributes
                0x00000087       0x2d ./system/src/newlib/_syscalls.o
 .ARM.attributes
                0x000000b4       0x2d ./system/src/diag/Trace.o
 .ARM.attributes
                0x000000e1       0x2d ./system/src/diag/trace_impl.o
 .ARM.attributes
                0x0000010e       0x2d ./system/src/cortexm/_initialize_hardware.o
 .ARM.attributes
                0x0000013b       0x2d ./system/src/cortexm/exception_handlers.o
 .ARM.attributes
                0x00000168       0x2d ./system/src/cmsis/system_stm32f10x.o
 .ARM.attributes
                0x00000195       0x2d ./system/src/cmsis/vectors_stm32f10x.o
 .ARM.attributes
                0x000001c2       0x2d ./src/ADC_program.o
 .ARM.attributes
                0x000001ef       0x2d ./src/EXTI_program.o
 .ARM.attributes
                0x0000021c       0x2d ./src/GPIO_program.o
 .ARM.attributes
                0x00000249       0x2d ./src/LED_program.o
 .ARM.attributes
                0x00000276       0x2d ./src/NVIC_program.o
 .ARM.attributes
                0x000002a3       0x2d ./src/PWM_program.o
 .ARM.attributes
                0x000002d0       0x2d ./src/RCC_program.o
 .ARM.attributes
                0x000002fd       0x2d ./src/STK_program.o
 .ARM.attributes
                0x0000032a       0x2d ./src/TIM_program.o
 .ARM.attributes
                0x00000357       0x2d ./src/USART_program.o
 .ARM.attributes
                0x00000384       0x2d ./src/main.o
 .ARM.attributes
                0x000003b1       0x1d c:/gnu-mcu eclipse/gcc-arm-none-eabi/bin/../lib/gcc/arm-none-eabi/9.3.1/thumb/v7-m/nofp\libgcc.a(_arm_addsubdf3.o)
 .ARM.attributes
                0x000003ce       0x1d c:/gnu-mcu eclipse/gcc-arm-none-eabi/bin/../lib/gcc/arm-none-eabi/9.3.1/thumb/v7-m/nofp\libgcc.a(_arm_muldivdf3.o)
 .ARM.attributes
                0x000003eb       0x1d c:/gnu-mcu eclipse/gcc-arm-none-eabi/bin/../lib/gcc/arm-none-eabi/9.3.1/thumb/v7-m/nofp\libgcc.a(_arm_fixunsdfsi.o)
 .ARM.attributes
                0x00000408       0x2d c:/gnu-mcu eclipse/gcc-arm-none-eabi/bin/../lib/gcc/arm-none-eabi/9.3.1/../../../../arm-none-eabi/lib/thumb/v7-m/nofp\libg_nano.a(lib_a-errno.o)
 .ARM.attributes
                0x00000435       0x2d c:/gnu-mcu eclipse/gcc-arm-none-eabi/bin/../lib/gcc/arm-none-eabi/9.3.1/../../../../arm-none-eabi/lib/thumb/v7-m/nofp\libg_nano.a(lib_a-impure.o)
 .ARM.attributes
                0x00000462       0x2d c:/gnu-mcu eclipse/gcc-arm-none-eabi/bin/../lib/gcc/arm-none-eabi/9.3.1/../../../../arm-none-eabi/lib/thumb/v7-m/nofp\libg_nano.a(lib_a-vsnprintf.o)
 .ARM.attributes
                0x0000048f       0x2d c:/gnu-mcu eclipse/gcc-arm-none-eabi/bin/../lib/gcc/arm-none-eabi/9.3.1/../../../../arm-none-eabi/lib/thumb/v7-m/nofp\libg_nano.a(lib_a-nano-svfprintf.o)
 .ARM.attributes
                0x000004bc       0x2d c:/gnu-mcu eclipse/gcc-arm-none-eabi/bin/../lib/gcc/arm-none-eabi/9.3.1/../../../../arm-none-eabi/lib/thumb/v7-m/nofp\libg_nano.a(lib_a-nano-vfprintf_i.o)
 .ARM.attributes
                0x000004e9       0x2d c:/gnu-mcu eclipse/gcc-arm-none-eabi/bin/../lib/gcc/arm-none-eabi/9.3.1/../../../../arm-none-eabi/lib/thumb/v7-m/nofp\libg_nano.a(lib_a-memchr-stub.o)
 .ARM.attributes
                0x00000516       0x2d c:/gnu-mcu eclipse/gcc-arm-none-eabi/bin/../lib/gcc/arm-none-eabi/9.3.1/../../../../arm-none-eabi/lib/thumb/v7-m/nofp\libg_nano.a(lib_a-memcpy-stub.o)
 .ARM.attributes
                0x00000543       0x2d c:/gnu-mcu eclipse/gcc-arm-none-eabi/bin/../lib/gcc/arm-none-eabi/9.3.1/../../../../arm-none-eabi/lib/thumb/v7-m/nofp\libg_nano.a(lib_a-memmove.o)
 .ARM.attributes
                0x00000570       0x2d c:/gnu-mcu eclipse/gcc-arm-none-eabi/bin/../lib/gcc/arm-none-eabi/9.3.1/../../../../arm-none-eabi/lib/thumb/v7-m/nofp\libg_nano.a(lib_a-nano-freer.o)
 .ARM.attributes
                0x0000059d       0x2d c:/gnu-mcu eclipse/gcc-arm-none-eabi/bin/../lib/gcc/arm-none-eabi/9.3.1/../../../../arm-none-eabi/lib/thumb/v7-m/nofp\libg_nano.a(lib_a-nano-mallocr.o)
 .ARM.attributes
                0x000005ca       0x2d c:/gnu-mcu eclipse/gcc-arm-none-eabi/bin/../lib/gcc/arm-none-eabi/9.3.1/../../../../arm-none-eabi/lib/thumb/v7-m/nofp\libg_nano.a(lib_a-nano-reallocr.o)
 .ARM.attributes
                0x000005f7       0x2d c:/gnu-mcu eclipse/gcc-arm-none-eabi/bin/../lib/gcc/arm-none-eabi/9.3.1/../../../../arm-none-eabi/lib/thumb/v7-m/nofp\libg_nano.a(lib_a-sbrkr.o)
 .ARM.attributes
                0x00000624       0x2d c:/gnu-mcu eclipse/gcc-arm-none-eabi/bin/../lib/gcc/arm-none-eabi/9.3.1/../../../../arm-none-eabi/lib/thumb/v7-m/nofp\libg_nano.a(lib_a-mlock.o)
 .ARM.attributes
                0x00000651       0x2d c:/gnu-mcu eclipse/gcc-arm-none-eabi/bin/../lib/gcc/arm-none-eabi/9.3.1/../../../../arm-none-eabi/lib/thumb/v7-m/nofp\libg_nano.a(lib_a-nano-msizer.o)
 .ARM.attributes
                0x0000067e       0x2d c:/gnu-mcu eclipse/gcc-arm-none-eabi/bin/../lib/gcc/arm-none-eabi/9.3.1/../../../../arm-none-eabi/lib/thumb/v7-m/nofp\libg_nano.a(lib_a-lock.o)

.debug
 *(.debug)

.line
 *(.line)

.debug_srcinfo
 *(.debug_srcinfo)

.debug_sfnames
 *(.debug_sfnames)

.debug_aranges  0x00000000      0x578
 *(.debug_aranges)
 .debug_aranges
                0x00000000       0x28 ./system/src/newlib/_exit.o
 .debug_aranges
                0x00000028       0x20 ./system/src/newlib/_sbrk.o
 .debug_aranges
                0x00000048       0x40 ./system/src/newlib/_startup.o
 .debug_aranges
                0x00000088       0x30 ./system/src/newlib/_syscalls.o
 .debug_aranges
                0x000000b8       0x38 ./system/src/diag/Trace.o
 .debug_aranges
                0x000000f0       0x30 ./system/src/diag/trace_impl.o
 .debug_aranges
                0x00000120       0x28 ./system/src/cortexm/_initialize_hardware.o
 .debug_aranges
                0x00000148       0x90 ./system/src/cortexm/exception_handlers.o
 .debug_aranges
                0x000001d8       0x38 ./system/src/cmsis/system_stm32f10x.o
 .debug_aranges
                0x00000210       0x20 ./system/src/cmsis/vectors_stm32f10x.o
 .debug_aranges
                0x00000230       0x40 ./src/ADC_program.o
 .debug_aranges
                0x00000270       0x80 ./src/EXTI_program.o
 .debug_aranges
                0x000002f0       0x38 ./src/GPIO_program.o
 .debug_aranges
                0x00000328       0x30 ./src/LED_program.o
 .debug_aranges
                0x00000358       0x50 ./src/NVIC_program.o
 .debug_aranges
                0x000003a8       0x30 ./src/PWM_program.o
 .debug_aranges
                0x000003d8       0x30 ./src/RCC_program.o
 .debug_aranges
                0x00000408       0x58 ./src/STK_program.o
 .debug_aranges
                0x00000460       0x68 ./src/TIM_program.o
 .debug_aranges
                0x000004c8       0x78 ./src/USART_program.o
 .debug_aranges
                0x00000540       0x38 ./src/main.o

.debug_pubnames
 *(.debug_pubnames)

.debug_info     0x00000000     0x7152
 *(.debug_info .gnu.linkonce.wi.*)
 .debug_info    0x00000000      0x9e7 ./system/src/newlib/_exit.o
 .debug_info    0x000009e7      0x9d4 ./system/src/newlib/_sbrk.o
 .debug_info    0x000013bb      0x4ae ./system/src/newlib/_startup.o
 .debug_info    0x00001869      0xab9 ./system/src/newlib/_syscalls.o
 .debug_info    0x00002322      0xbdb ./system/src/diag/Trace.o
 .debug_info    0x00002efd      0x3aa ./system/src/diag/trace_impl.o
 .debug_info    0x000032a7      0x2d6 ./system/src/cortexm/_initialize_hardware.o
 .debug_info    0x0000357d     0x127b ./system/src/cortexm/exception_handlers.o
 .debug_info    0x000047f8      0x4db ./system/src/cmsis/system_stm32f10x.o
 .debug_info    0x00004cd3       0xce ./system/src/cmsis/vectors_stm32f10x.o
 .debug_info    0x00004da1      0x5ff ./src/ADC_program.o
 .debug_info    0x000053a0      0x2bc ./src/EXTI_program.o
 .debug_info    0x0000565c      0x1a8 ./src/GPIO_program.o
 .debug_info    0x00005804      0x244 ./src/LED_program.o
 .debug_info    0x00005a48      0x1f6 ./src/NVIC_program.o
 .debug_info    0x00005c3e      0x281 ./src/PWM_program.o
 .debug_info    0x00005ebf      0x10c ./src/RCC_program.o
 .debug_info    0x00005fcb      0x22d ./src/STK_program.o
 .debug_info    0x000061f8      0x346 ./src/TIM_program.o
 .debug_info    0x0000653e      0x4ef ./src/USART_program.o
 .debug_info    0x00006a2d      0x725 ./src/main.o

.debug_abbrev   0x00000000     0x1f64
 *(.debug_abbrev)
 .debug_abbrev  0x00000000      0x222 ./system/src/newlib/_exit.o
 .debug_abbrev  0x00000222      0x232 ./system/src/newlib/_sbrk.o
 .debug_abbrev  0x00000454      0x1b1 ./system/src/newlib/_startup.o
 .debug_abbrev  0x00000605      0x26d ./system/src/newlib/_syscalls.o
 .debug_abbrev  0x00000872      0x2c6 ./system/src/diag/Trace.o
 .debug_abbrev  0x00000b38      0x218 ./system/src/diag/trace_impl.o
 .debug_abbrev  0x00000d50       0xfc ./system/src/cortexm/_initialize_hardware.o
 .debug_abbrev  0x00000e4c      0x372 ./system/src/cortexm/exception_handlers.o
 .debug_abbrev  0x000011be      0x19d ./system/src/cmsis/system_stm32f10x.o
 .debug_abbrev  0x0000135b       0xa5 ./system/src/cmsis/vectors_stm32f10x.o
 .debug_abbrev  0x00001400      0x135 ./src/ADC_program.o
 .debug_abbrev  0x00001535      0x10f ./src/EXTI_program.o
 .debug_abbrev  0x00001644       0xbe ./src/GPIO_program.o
 .debug_abbrev  0x00001702       0x98 ./src/LED_program.o
 .debug_abbrev  0x0000179a       0xbe ./src/NVIC_program.o
 .debug_abbrev  0x00001858       0xe9 ./src/PWM_program.o
 .debug_abbrev  0x00001941       0x8c ./src/RCC_program.o
 .debug_abbrev  0x000019cd      0x15c ./src/STK_program.o
 .debug_abbrev  0x00001b29      0x11b ./src/TIM_program.o
 .debug_abbrev  0x00001c44      0x1bc ./src/USART_program.o
 .debug_abbrev  0x00001e00      0x164 ./src/main.o

.debug_line     0x00000000     0x46b1
 *(.debug_line)
 .debug_line    0x00000000      0x325 ./system/src/newlib/_exit.o
 .debug_line    0x00000325      0x30f ./system/src/newlib/_sbrk.o
 .debug_line    0x00000634      0x589 ./system/src/newlib/_startup.o
 .debug_line    0x00000bbd      0x40d ./system/src/newlib/_syscalls.o
 .debug_line    0x00000fca      0x401 ./system/src/diag/Trace.o
 .debug_line    0x000013cb      0x669 ./system/src/diag/trace_impl.o
 .debug_line    0x00001a34      0x374 ./system/src/cortexm/_initialize_hardware.o
 .debug_line    0x00001da8      0x89d ./system/src/cortexm/exception_handlers.o
 .debug_line    0x00002645      0x597 ./system/src/cmsis/system_stm32f10x.o
 .debug_line    0x00002bdc      0x106 ./system/src/cmsis/vectors_stm32f10x.o
 .debug_line    0x00002ce2      0x308 ./src/ADC_program.o
 .debug_line    0x00002fea      0x252 ./src/EXTI_program.o
 .debug_line    0x0000323c      0x294 ./src/GPIO_program.o
 .debug_line    0x000034d0      0x10f ./src/LED_program.o
 .debug_line    0x000035df      0x25c ./src/NVIC_program.o
 .debug_line    0x0000383b      0x227 ./src/PWM_program.o
 .debug_line    0x00003a62      0x137 ./src/RCC_program.o
 .debug_line    0x00003b99      0x22e ./src/STK_program.o
 .debug_line    0x00003dc7      0x23c ./src/TIM_program.o
 .debug_line    0x00004003      0x3a9 ./src/USART_program.o
 .debug_line    0x000043ac      0x305 ./src/main.o

.debug_frame    0x00000000      0xf44
 *(.debug_frame)
 .debug_frame   0x00000000       0x38 ./system/src/newlib/_exit.o
 .debug_frame   0x00000038       0x28 ./system/src/newlib/_sbrk.o
 .debug_frame   0x00000060       0x7c ./system/src/newlib/_startup.o
 .debug_frame   0x000000dc       0x50 ./system/src/newlib/_syscalls.o
 .debug_frame   0x0000012c       0x94 ./system/src/diag/Trace.o
 .debug_frame   0x000001c0       0x64 ./system/src/diag/trace_impl.o
 .debug_frame   0x00000224       0x40 ./system/src/cortexm/_initialize_hardware.o
 .debug_frame   0x00000264      0x158 ./system/src/cortexm/exception_handlers.o
 .debug_frame   0x000003bc       0x6c ./system/src/cmsis/system_stm32f10x.o
 .debug_frame   0x00000428       0x20 ./system/src/cmsis/vectors_stm32f10x.o
 .debug_frame   0x00000448       0x74 ./src/ADC_program.o
 .debug_frame   0x000004bc      0x100 ./src/EXTI_program.o
 .debug_frame   0x000005bc       0x68 ./src/GPIO_program.o
 .debug_frame   0x00000624       0x64 ./src/LED_program.o
 .debug_frame   0x00000688       0x80 ./src/NVIC_program.o
 .debug_frame   0x00000708       0x50 ./src/PWM_program.o
 .debug_frame   0x00000758       0x40 ./src/RCC_program.o
 .debug_frame   0x00000798       0x98 ./src/STK_program.o
 .debug_frame   0x00000830       0xd8 ./src/TIM_program.o
 .debug_frame   0x00000908      0x108 ./src/USART_program.o
 .debug_frame   0x00000a10       0x70 ./src/main.o
 .debug_frame   0x00000a80       0xac c:/gnu-mcu eclipse/gcc-arm-none-eabi/bin/../lib/gcc/arm-none-eabi/9.3.1/thumb/v7-m/nofp\libgcc.a(_arm_addsubdf3.o)
 .debug_frame   0x00000b2c       0x50 c:/gnu-mcu eclipse/gcc-arm-none-eabi/bin/../lib/gcc/arm-none-eabi/9.3.1/thumb/v7-m/nofp\libgcc.a(_arm_muldivdf3.o)
 .debug_frame   0x00000b7c       0x24 c:/gnu-mcu eclipse/gcc-arm-none-eabi/bin/../lib/gcc/arm-none-eabi/9.3.1/thumb/v7-m/nofp\libgcc.a(_arm_fixunsdfsi.o)
 .debug_frame   0x00000ba0       0x20 c:/gnu-mcu eclipse/gcc-arm-none-eabi/bin/../lib/gcc/arm-none-eabi/9.3.1/../../../../arm-none-eabi/lib/thumb/v7-m/nofp\libg_nano.a(lib_a-errno.o)
 .debug_frame   0x00000bc0       0x4c c:/gnu-mcu eclipse/gcc-arm-none-eabi/bin/../lib/gcc/arm-none-eabi/9.3.1/../../../../arm-none-eabi/lib/thumb/v7-m/nofp\libg_nano.a(lib_a-vsnprintf.o)
 .debug_frame   0x00000c0c       0x90 c:/gnu-mcu eclipse/gcc-arm-none-eabi/bin/../lib/gcc/arm-none-eabi/9.3.1/../../../../arm-none-eabi/lib/thumb/v7-m/nofp\libg_nano.a(lib_a-nano-svfprintf.o)
 .debug_frame   0x00000c9c       0x60 c:/gnu-mcu eclipse/gcc-arm-none-eabi/bin/../lib/gcc/arm-none-eabi/9.3.1/../../../../arm-none-eabi/lib/thumb/v7-m/nofp\libg_nano.a(lib_a-nano-vfprintf_i.o)
 .debug_frame   0x00000cfc       0x28 c:/gnu-mcu eclipse/gcc-arm-none-eabi/bin/../lib/gcc/arm-none-eabi/9.3.1/../../../../arm-none-eabi/lib/thumb/v7-m/nofp\libg_nano.a(lib_a-memchr-stub.o)
 .debug_frame   0x00000d24       0x28 c:/gnu-mcu eclipse/gcc-arm-none-eabi/bin/../lib/gcc/arm-none-eabi/9.3.1/../../../../arm-none-eabi/lib/thumb/v7-m/nofp\libg_nano.a(lib_a-memcpy-stub.o)
 .debug_frame   0x00000d4c       0x28 c:/gnu-mcu eclipse/gcc-arm-none-eabi/bin/../lib/gcc/arm-none-eabi/9.3.1/../../../../arm-none-eabi/lib/thumb/v7-m/nofp\libg_nano.a(lib_a-memmove.o)
 .debug_frame   0x00000d74       0x38 c:/gnu-mcu eclipse/gcc-arm-none-eabi/bin/../lib/gcc/arm-none-eabi/9.3.1/../../../../arm-none-eabi/lib/thumb/v7-m/nofp\libg_nano.a(lib_a-nano-freer.o)
 .debug_frame   0x00000dac       0x30 c:/gnu-mcu eclipse/gcc-arm-none-eabi/bin/../lib/gcc/arm-none-eabi/9.3.1/../../../../arm-none-eabi/lib/thumb/v7-m/nofp\libg_nano.a(lib_a-nano-mallocr.o)
 .debug_frame   0x00000ddc       0x3c c:/gnu-mcu eclipse/gcc-arm-none-eabi/bin/../lib/gcc/arm-none-eabi/9.3.1/../../../../arm-none-eabi/lib/thumb/v7-m/nofp\libg_nano.a(lib_a-nano-reallocr.o)
 .debug_frame   0x00000e18       0x2c c:/gnu-mcu eclipse/gcc-arm-none-eabi/bin/../lib/gcc/arm-none-eabi/9.3.1/../../../../arm-none-eabi/lib/thumb/v7-m/nofp\libg_nano.a(lib_a-sbrkr.o)
 .debug_frame   0x00000e44       0x30 c:/gnu-mcu eclipse/gcc-arm-none-eabi/bin/../lib/gcc/arm-none-eabi/9.3.1/../../../../arm-none-eabi/lib/thumb/v7-m/nofp\libg_nano.a(lib_a-mlock.o)
 .debug_frame   0x00000e74       0x20 c:/gnu-mcu eclipse/gcc-arm-none-eabi/bin/../lib/gcc/arm-none-eabi/9.3.1/../../../../arm-none-eabi/lib/thumb/v7-m/nofp\libg_nano.a(lib_a-nano-msizer.o)
 .debug_frame   0x00000e94       0xb0 c:/gnu-mcu eclipse/gcc-arm-none-eabi/bin/../lib/gcc/arm-none-eabi/9.3.1/../../../../arm-none-eabi/lib/thumb/v7-m/nofp\libg_nano.a(lib_a-lock.o)

.debug_str      0x00000000    0x58772
 *(.debug_str)
 .debug_str     0x00000000     0x7a5c ./system/src/newlib/_exit.o
                               0x7c23 (size before relaxing)
 .debug_str     0x00007a5c      0x4f5 ./system/src/newlib/_sbrk.o
                               0x6fe4 (size before relaxing)
 .debug_str     0x00007f51      0xbbd ./system/src/newlib/_startup.o
                               0x63f7 (size before relaxing)
 .debug_str     0x00008b0e     0x1519 ./system/src/newlib/_syscalls.o
                               0x854d (size before relaxing)
 .debug_str     0x0000a027      0x826 ./system/src/diag/Trace.o
                               0x839f (size before relaxing)
 .debug_str     0x0000a84d    0x4b2b9 ./system/src/diag/trace_impl.o
                              0x52459 (size before relaxing)
 .debug_str     0x00055b06       0xc4 ./system/src/cortexm/_initialize_hardware.o
                              0x4e8f7 (size before relaxing)
 .debug_str     0x00055bca      0x1a6 ./system/src/cortexm/exception_handlers.o
                              0x539aa (size before relaxing)
 .debug_str     0x00055d70      0x114 ./system/src/cmsis/system_stm32f10x.o
                              0x4e991 (size before relaxing)
 .debug_str     0x00055e84       0x57 ./system/src/cmsis/vectors_stm32f10x.o
                               0x3936 (size before relaxing)
 .debug_str     0x00055edb      0x9cd ./src/ADC_program.o
                               0x3844 (size before relaxing)
 .debug_str     0x000568a8      0x304 ./src/EXTI_program.o
                               0x3343 (size before relaxing)
 .debug_str     0x00056bac      0x790 ./src/GPIO_program.o
                               0x37ce (size before relaxing)
 .debug_str     0x0005733c       0x95 ./src/LED_program.o
                               0x3374 (size before relaxing)
 .debug_str     0x000573d1      0x4fc ./src/NVIC_program.o
                               0x352e (size before relaxing)
 .debug_str     0x000578cd      0x12a ./src/PWM_program.o
                               0x3643 (size before relaxing)
 .debug_str     0x000579f7      0x2bc ./src/RCC_program.o
                               0x32ee (size before relaxing)
 .debug_str     0x00057cb3      0x1ce ./src/STK_program.o
                               0x321d (size before relaxing)
 .debug_str     0x00057e81      0x101 ./src/TIM_program.o
                               0x368f (size before relaxing)
 .debug_str     0x00057f82      0x4e2 ./src/USART_program.o
                               0x353b (size before relaxing)
 .debug_str     0x00058464      0x30e ./src/main.o
                               0x40b4 (size before relaxing)

.debug_loc      0x00000000     0x1a08
 *(.debug_loc)
 .debug_loc     0x00000000       0x15 ./system/src/newlib/_exit.o
 .debug_loc     0x00000015       0x97 ./system/src/newlib/_sbrk.o
 .debug_loc     0x000000ac      0x2de ./system/src/newlib/_startup.o
 .debug_loc     0x0000038a       0x6f ./system/src/newlib/_syscalls.o
 .debug_loc     0x000003f9      0x118 ./system/src/diag/Trace.o
 .debug_loc     0x00000511      0x194 ./system/src/diag/trace_impl.o
 .debug_loc     0x000006a5      0x35c ./system/src/cortexm/exception_handlers.o
 .debug_loc     0x00000a01       0xff ./system/src/cmsis/system_stm32f10x.o
 .debug_loc     0x00000b00       0x97 ./src/ADC_program.o
 .debug_loc     0x00000b97       0xf8 ./src/EXTI_program.o
 .debug_loc     0x00000c8f      0x49f ./src/GPIO_program.o
 .debug_loc     0x0000112e       0xde ./src/LED_program.o
 .debug_loc     0x0000120c      0x260 ./src/NVIC_program.o
 .debug_loc     0x0000146c       0xdb ./src/PWM_program.o
 .debug_loc     0x00001547       0xf8 ./src/RCC_program.o
 .debug_loc     0x0000163f       0xa1 ./src/STK_program.o
 .debug_loc     0x000016e0       0xae ./src/TIM_program.o
 .debug_loc     0x0000178e      0x21a ./src/USART_program.o
 .debug_loc     0x000019a8       0x60 ./src/main.o

.debug_macinfo
 *(.debug_macinfo)

.debug_weaknames
 *(.debug_weaknames)

.debug_funcnames
 *(.debug_funcnames)

.debug_typenames
 *(.debug_typenames)

.debug_varnames
 *(.debug_varnames)
OUTPUT(Hello_DIO.elf elf32-littlearm)
LOAD linker stubs

.debug_ranges   0x00000000      0x488
 .debug_ranges  0x00000000       0x18 ./system/src/newlib/_exit.o
 .debug_ranges  0x00000018       0x10 ./system/src/newlib/_sbrk.o
 .debug_ranges  0x00000028       0x30 ./system/src/newlib/_startup.o
 .debug_ranges  0x00000058       0x20 ./system/src/newlib/_syscalls.o
 .debug_ranges  0x00000078       0x28 ./system/src/diag/Trace.o
 .debug_ranges  0x000000a0       0x38 ./system/src/diag/trace_impl.o
 .debug_ranges  0x000000d8       0x18 ./system/src/cortexm/_initialize_hardware.o
 .debug_ranges  0x000000f0       0x98 ./system/src/cortexm/exception_handlers.o
 .debug_ranges  0x00000188       0x28 ./system/src/cmsis/system_stm32f10x.o
 .debug_ranges  0x000001b0       0x10 ./system/src/cmsis/vectors_stm32f10x.o
 .debug_ranges  0x000001c0       0x30 ./src/ADC_program.o
 .debug_ranges  0x000001f0       0x70 ./src/EXTI_program.o
 .debug_ranges  0x00000260       0x28 ./src/GPIO_program.o
 .debug_ranges  0x00000288       0x20 ./src/LED_program.o
 .debug_ranges  0x000002a8       0x40 ./src/NVIC_program.o
 .debug_ranges  0x000002e8       0x20 ./src/PWM_program.o
 .debug_ranges  0x00000308       0x20 ./src/RCC_program.o
 .debug_ranges  0x00000328       0x48 ./src/STK_program.o
 .debug_ranges  0x00000370       0x58 ./src/TIM_program.o
 .debug_ranges  0x000003c8       0x80 ./src/USART_program.o
 .debug_ranges  0x00000448       0x40 ./src/main.o

.debug_macro    0x00000000     0x2f03
 .debug_macro   0x00000000      0x1ae ./system/src/newlib/_exit.o
 .debug_macro   0x000001ae       0x34 ./system/src/newlib/_exit.o
 .debug_macro   0x000001e2      0x10e ./system/src/newlib/_exit.o
 .debug_macro   0x000002f0       0x8d ./system/src/newlib/_exit.o
 .debug_macro   0x0000037d       0x43 ./system/src/newlib/_exit.o
 .debug_macro   0x000003c0      0x339 ./system/src/newlib/_exit.o
 .debug_macro   0x000006f9       0x35 ./system/src/newlib/_exit.o
 .debug_macro   0x0000072e      0x163 ./system/src/newlib/_sbrk.o
 .debug_macro   0x00000891      0x174 ./system/src/newlib/_sbrk.o
 .debug_macro   0x00000a05       0x10 ./system/src/newlib/_sbrk.o
 .debug_macro   0x00000a15      0x23b ./system/src/newlib/_sbrk.o
 .debug_macro   0x00000c50      0x15f ./system/src/newlib/_startup.o
 .debug_macro   0x00000daf      0x220 ./system/src/newlib/_syscalls.o
 .debug_macro   0x00000fcf       0x1c ./system/src/newlib/_syscalls.o
 .debug_macro   0x00000feb       0x10 ./system/src/newlib/_syscalls.o
 .debug_macro   0x00000ffb       0x10 ./system/src/newlib/_syscalls.o
 .debug_macro   0x0000100b       0x10 ./system/src/newlib/_syscalls.o
 .debug_macro   0x0000101b       0x35 ./system/src/newlib/_syscalls.o
 .debug_macro   0x00001050      0x12c ./system/src/newlib/_syscalls.o
 .debug_macro   0x0000117c       0xce ./system/src/newlib/_syscalls.o
 .debug_macro   0x0000124a       0x7c ./system/src/newlib/_syscalls.o
 .debug_macro   0x000012c6       0x17 ./system/src/newlib/_syscalls.o
 .debug_macro   0x000012dd      0x118 ./system/src/newlib/_syscalls.o
 .debug_macro   0x000013f5      0x189 ./system/src/newlib/_syscalls.o
 .debug_macro   0x0000157e       0x16 ./system/src/newlib/_syscalls.o
 .debug_macro   0x00001594      0x1f5 ./system/src/diag/Trace.o
 .debug_macro   0x00001789       0x16 ./system/src/diag/Trace.o
 .debug_macro   0x0000179f       0x97 ./system/src/diag/Trace.o
 .debug_macro   0x00001836       0xfd ./system/src/diag/Trace.o
 .debug_macro   0x00001933       0x10 ./system/src/diag/Trace.o
 .debug_macro   0x00001943       0x16 ./system/src/diag/Trace.o
 .debug_macro   0x00001959      0x16f ./system/src/diag/Trace.o
 .debug_macro   0x00001ac8       0x4c ./system/src/diag/Trace.o
 .debug_macro   0x00001b14       0x16 ./system/src/diag/Trace.o
 .debug_macro   0x00001b2a      0x2c6 ./system/src/diag/trace_impl.o
 .debug_macro   0x00001df0       0x10 ./system/src/diag/trace_impl.o
 .debug_macro   0x00001e00       0xcf ./system/src/diag/trace_impl.o
 .debug_macro   0x00001ecf       0x20 ./system/src/diag/trace_impl.o
 .debug_macro   0x00001eef       0xbe ./system/src/diag/trace_impl.o
 .debug_macro   0x00001fad       0x22 ./system/src/diag/trace_impl.o
 .debug_macro   0x00001fcf      0x16b ./system/src/cortexm/_initialize_hardware.o
 .debug_macro   0x0000213a      0x31e ./system/src/cortexm/exception_handlers.o
 .debug_macro   0x00002458       0x3b ./system/src/cortexm/exception_handlers.o
 .debug_macro   0x00002493       0x10 ./system/src/cortexm/exception_handlers.o
 .debug_macro   0x000024a3      0x16e ./system/src/cmsis/system_stm32f10x.o
 .debug_macro   0x00002611       0x34 ./system/src/cmsis/vectors_stm32f10x.o
 .debug_macro   0x00002645       0x5b ./src/ADC_program.o
 .debug_macro   0x000026a0       0x2e ./src/ADC_program.o
 .debug_macro   0x000026ce       0x3a ./src/ADC_program.o
 .debug_macro   0x00002708       0x1c ./src/ADC_program.o
 .debug_macro   0x00002724       0x28 ./src/ADC_program.o
 .debug_macro   0x0000274c       0xd6 ./src/ADC_program.o
 .debug_macro   0x00002822       0x10 ./src/ADC_program.o
 .debug_macro   0x00002832       0x3e ./src/EXTI_program.o
 .debug_macro   0x00002870       0x7c ./src/EXTI_program.o
 .debug_macro   0x000028ec       0x10 ./src/EXTI_program.o
 .debug_macro   0x000028fc       0x16 ./src/EXTI_program.o
 .debug_macro   0x00002912       0x3f ./src/GPIO_program.o
 .debug_macro   0x00002951       0x9a ./src/GPIO_program.o
 .debug_macro   0x000029eb       0x49 ./src/LED_program.o
 .debug_macro   0x00002a34       0x16 ./src/LED_program.o
 .debug_macro   0x00002a4a       0x45 ./src/NVIC_program.o
 .debug_macro   0x00002a8f       0x70 ./src/NVIC_program.o
 .debug_macro   0x00002aff       0x10 ./src/NVIC_program.o
 .debug_macro   0x00002b0f       0x5f ./src/PWM_program.o
 .debug_macro   0x00002b6e       0x10 ./src/PWM_program.o
 .debug_macro   0x00002b7e       0x16 ./src/PWM_program.o
 .debug_macro   0x00002b94       0x1c ./src/PWM_program.o
 .debug_macro   0x00002bb0       0x3e ./src/RCC_program.o
 .debug_macro   0x00002bee       0x2e ./src/RCC_program.o
 .debug_macro   0x00002c1c       0x70 ./src/RCC_program.o
 .debug_macro   0x00002c8c       0x10 ./src/RCC_program.o
 .debug_macro   0x00002c9c       0x3f ./src/STK_program.o
 .debug_macro   0x00002cdb       0x10 ./src/STK_program.o
 .debug_macro   0x00002ceb       0x28 ./src/STK_program.o
 .debug_macro   0x00002d13       0x43 ./src/TIM_program.o
 .debug_macro   0x00002d56       0x43 ./src/USART_program.o
 .debug_macro   0x00002d99       0x7c ./src/USART_program.o
 .debug_macro   0x00002e15       0x22 ./src/USART_program.o
 .debug_macro   0x00002e37       0xcc ./src/main.o
